[bchiang7.github.io/v3/index.html]
[backblue.gif]
[fade.gif]
[index.html]
[brittanychiang.com/img/emojis/technologist.0.delayed]
[brittanychiang.com/img/og.png]
[bchiang7.github.io/css/main.css]
[bchiang7.github.io/img/featured/blistabloc/blistabloc.png]
[bchiang7.github.io/img/featured/screentime/screentime1.png]
[bchiang7.github.io/img/featured/screentime/screentime3.png]
[bchiang7.github.io/img/featured/screentime/screentime4.png]
[bchiang7.github.io/img/featured/interventions/interventions.png]
[bchiang7.github.io/img/emojis/rockon.png]
[bchiang7.github.io/img/emojis/pointing-up.png]
[cdnjs.cloudflare.com/ajax/libs/jquery/3.1.1/jquery.min.js]
[unpkg.com/scrollreveal@4.0.6/dist/scrollreveal.min.js]
[bchiang7.github.io/v3/js/main.js]
[bchiang7.github.io/v3/index.html]
[brittanychiang.com/img/emojis/technologist.html]
[brittanychiang.com/img/og.html]
[bchiang7.github.io/img/arrow.png]
[bchiang7.github.io/img/emojis/wave.png]
[bchiang7.github.io/img/emojis/technologist.png]
[bchiang7.github.io/img/emojis/pointright.png]
[bchiang7.github.io/css/main.css]
